     1                                  ;%%%%%%%%%%%%%%%%%%%%%%%%%%%%%%%%%%%%%%%%%
     2                                  ;assemble and link with 
     3                                  ;assemble: -->> nasm -f win64 -o EjercicioJMPS.o EjercicioJMPS.asm -l EjercicioJMPS.lst
     4                                  ;link:	   -->> gcc -o EjercicioJMPS EjercicioJMPS.o
     5                                  ;run:      -->> EjercicioJMPS
     6                                  ;%%%%%%%%%%%%%%%%%%%%%%%%%%%%%%%%%%%%%%%%%
     7                                  ;-----------------------------------------
     8                                  
     9                                  ;file: EjercicioJMPS.asm (nombre programa)
    10                                  
    11                                  extern printf, scanf		
    12                                  
    13                                  segment .data
    14                                  ;aqui se declaran variables inicializadas
    15 00000000 64                      a db 100
    16 00000001 80                      b db 128
    17                                  		
    18                                  segment .bss
    19                                  ;Block Started by Symbol(BSS) 
    20                                  ;aqui van las variables declaradas pero sin inicializar
    21                                  
    22                                  
    23                                  
    24                                  segment .text 
    25                                  
    26                                  global main 					
    27                                  main:	
    28                                  ;etiqueta que indica el comienzo del programa principal
    29                                  ;aqui van las instrucciones
    30 00000000 4831C9                  xor rcx,rcx
    31 00000003 4831C0                  xor rax,rax
    32 00000006 8A0425[00000000]        mov al, [a]
    33 0000000D 3A0425[01000000]        cmp al,[b]
    34 00000014 7F02                    JG esMayor
    35 00000016 EB10                    JMP noEsMayor
    36                                  esMayor:
    37 00000018 020C25[00000000]        add cl,[a]
    38 0000001F 020C25[01000000]        add cl,[b]
    39 00000026 EB09                    JMP finIf
    40                                  noEsMayor:
    41 00000028 2A0425[01000000]        SUB al,[b]
    42 0000002F 88C1                    mov cl,al
    43                                  
    44                                  finIf:
    45                                  
    46                                  	
    47 00000031 C3                      ret
    48                                  ;---------------------------------------
    49                                  ;..........subrutinas....................	
    50                                  
    51                                  
    52                                  
