     1                                  ;%%%%%%%%%%%%%%%%%%%%%%%%%%%%%%%%%%%%%%%%%
     2                                  ;assemble and link with 
     3                                  ;assemble: -->> nasm -f win64 -o shifts.o shifts.asm -l shifts.lst
     4                                  ;link:	   -->> gcc -o shifts shifts.o
     5                                  ;run:      -->> shifts
     6                                  ;%%%%%%%%%%%%%%%%%%%%%%%%%%%%%%%%%%%%%%%%%
     7                                  ;-----------------------------------------
     8                                  
     9                                  ;file: shifts.asm (nombre programa)
    10                                  
    11                                  extern printf, scanf		
    12                                  
    13                                  segment .data
    14                                  ;aqui se declaran variables inicializadas
    15 00000000 18FCFFFFFFFFFFFF        a dq -1000
    16 00000008 D007000000000000        b dq +2000
    17 00000010 48F4FFFFFFFFFFFF        c dq -3000
    18 00000018 A00F000000000000        d dq +4000		
    19                                  segment .bss
    20                                  ;Block Started by Symbol(BSS) 
    21                                  ;aqui van las variables declaradas pero sin inicializar
    22 00000000 <res 00000008>          x resq 1
    23                                  
    24                                  segment .text 
    25                                  
    26                                  global main 					
    27                                  main:	
    28                                  ;etiqueta que indica el comienzo del programa principal
    29                                  ;aqui van las instrucciones
    30 00000000 488B1C25[08000000]      mov rbx,[b]
    31 00000008 48F7DB                  neg rbx
    32 0000000B 488B0425[00000000]      mov rax,[a]
    33 00000013 48C1E005                shl rax,5
    34 00000017 488B0C25[10000000]      mov rcx,[c]
    35 0000001F 482B0C25[18000000]      sub rcx,[d]
    36 00000027 4883C314                add rbx,20
    37 0000002B 4883E80A                sub rax,10
    38 0000002F 48C1F902                sar rcx,2
    39                                  ;or rax,rcx
    40                                  ;and rbx,rax
    41 00000033 4821D8                  and rax,rbx
    42 00000036 4809C8                  or rax,rcx
    43 00000039 48891C25[00000000]      mov [x],rbx
    44                                  
    45                                  	
    46 00000041 C3                      ret
    47                                  ;---------------------------------------
    48                                  ;..........subrutinas....................	
    49                                  
    50                                  
    51                                  
